Content-Transfer-Encoding: quoted-printable

=E2=98=86 No header, only content.